error: Handlers must only take owned values
  --> tests/axum/extract_self_mut.rs:23:22
   |
23 |     async fn handler(&mut self) {}
   |                      ^^^^^^^^^
